2024/05/29 04:44:40 AM - task_one - INFO - Category: Frozen Foods
2024/05/29 04:44:45 AM - task_one - INFO - Category: Meat & Seafood
2024/05/29 04:44:52 AM - task_one - INFO - Category: Produce
2024/05/29 04:44:57 AM - task_one - INFO - Category: Snacks
2024/05/29 04:45:07 AM - task_one - INFO - Category: Bakery & Bread
2024/05/29 04:45:13 AM - task_one - INFO - Category: Beverages
2024/05/29 04:45:20 AM - task_one - INFO - Category: Pantry
2024/05/29 04:45:27 AM - task_one - INFO - Category: Breakfast & Cereal
2024/05/29 04:45:30 AM - task_one - ERROR - No button "Show ... more" found
Traceback (most recent call last):
  File "D:\scraping-groceries\stores\target\src\categories_scraper.py", line 17, in click_show_all_categories_button_if_present
    driver.find_element(By.CSS_SELECTOR, categories_button_css_selector)
  File "D:\scraping-groceries\stores\target\venv\lib\site-packages\selenium\webdriver\remote\webdriver.py", line 741, in find_element
    return self.execute(Command.FIND_ELEMENT, {"using": by, "value": value})["value"]
  File "D:\scraping-groceries\stores\target\venv\lib\site-packages\selenium\webdriver\remote\webdriver.py", line 347, in execute
    self.error_handler.check_response(response)
  File "D:\scraping-groceries\stores\target\venv\lib\site-packages\selenium\webdriver\remote\errorhandler.py", line 229, in check_response
    raise exception_class(message, screen, stacktrace)
selenium.common.exceptions.NoSuchElementException: Message: no such element: Unable to locate element: {"method":"css selector","selector":"[data-test='@web/slingshot-components/bubcat'] button"}
  (Session info: chrome=125.0.6422.112); For documentation on this error, please visit: https://www.selenium.dev/documentation/webdriver/troubleshooting/errors#no-such-element-exception
Stacktrace:
	GetHandleVerifier [0x00BEB793+45827]
	(No symbol) [0x00B7DB74]
	(No symbol) [0x00A7150F]
	(No symbol) [0x00AB20BC]
	(No symbol) [0x00AB216B]
	(No symbol) [0x00AEE0F2]
	(No symbol) [0x00AD2E44]
	(No symbol) [0x00AEC034]
	(No symbol) [0x00AD2B96]
	(No symbol) [0x00AA6998]
	(No symbol) [0x00AA751D]
	GetHandleVerifier [0x00EA43C3+2899763]
	GetHandleVerifier [0x00EF77ED+3240797]
	GetHandleVerifier [0x00C71264+593364]
	GetHandleVerifier [0x00C7818C+621820]
	(No symbol) [0x00B86F54]
	(No symbol) [0x00B83658]
	(No symbol) [0x00B837F7]
	(No symbol) [0x00B758AE]
	BaseThreadInitThunk [0x77BDFCC9+25]
	RtlGetAppContainerNamedObjectPath [0x77D27CBE+286]
	RtlGetAppContainerNamedObjectPath [0x77D27C8E+238]


During handling of the above exception, another exception occurred:

Traceback (most recent call last):
  File "D:\scraping-groceries\stores\target\Task_1__grocery_categories_and_subcategories_url_extraction.py", line 41, in <module>
    click_show_all_categories_button_if_present()
  File "D:\scraping-groceries\stores\target\src\categories_scraper.py", line 26, in click_show_all_categories_button_if_present
    raise Exception('No button "Show ... more" found')
Exception: No button "Show ... more" found
2024/05/29 04:45:32 AM - task_one - INFO - Category: Dairy
2024/05/29 04:45:38 AM - task_one - INFO - Category: Deli
2024/05/29 04:45:44 AM - task_one - INFO - Category: Candy
2024/05/29 04:45:48 AM - task_one - ERROR - No button "Show ... more" found
Traceback (most recent call last):
  File "D:\scraping-groceries\stores\target\src\categories_scraper.py", line 17, in click_show_all_categories_button_if_present
    driver.find_element(By.CSS_SELECTOR, categories_button_css_selector)
  File "D:\scraping-groceries\stores\target\venv\lib\site-packages\selenium\webdriver\remote\webdriver.py", line 741, in find_element
    return self.execute(Command.FIND_ELEMENT, {"using": by, "value": value})["value"]
  File "D:\scraping-groceries\stores\target\venv\lib\site-packages\selenium\webdriver\remote\webdriver.py", line 347, in execute
    self.error_handler.check_response(response)
  File "D:\scraping-groceries\stores\target\venv\lib\site-packages\selenium\webdriver\remote\errorhandler.py", line 229, in check_response
    raise exception_class(message, screen, stacktrace)
selenium.common.exceptions.NoSuchElementException: Message: no such element: Unable to locate element: {"method":"css selector","selector":"[data-test='@web/slingshot-components/bubcat'] button"}
  (Session info: chrome=125.0.6422.112); For documentation on this error, please visit: https://www.selenium.dev/documentation/webdriver/troubleshooting/errors#no-such-element-exception
Stacktrace:
	GetHandleVerifier [0x00BEB793+45827]
	(No symbol) [0x00B7DB74]
	(No symbol) [0x00A7150F]
	(No symbol) [0x00AB20BC]
	(No symbol) [0x00AB216B]
	(No symbol) [0x00AEE0F2]
	(No symbol) [0x00AD2E44]
	(No symbol) [0x00AEC034]
	(No symbol) [0x00AD2B96]
	(No symbol) [0x00AA6998]
	(No symbol) [0x00AA751D]
	GetHandleVerifier [0x00EA43C3+2899763]
	GetHandleVerifier [0x00EF77ED+3240797]
	GetHandleVerifier [0x00C71264+593364]
	GetHandleVerifier [0x00C7818C+621820]
	(No symbol) [0x00B86F54]
	(No symbol) [0x00B83658]
	(No symbol) [0x00B837F7]
	(No symbol) [0x00B758AE]
	BaseThreadInitThunk [0x77BDFCC9+25]
	RtlGetAppContainerNamedObjectPath [0x77D27CBE+286]
	RtlGetAppContainerNamedObjectPath [0x77D27C8E+238]


During handling of the above exception, another exception occurred:

Traceback (most recent call last):
  File "D:\scraping-groceries\stores\target\Task_1__grocery_categories_and_subcategories_url_extraction.py", line 41, in <module>
    click_show_all_categories_button_if_present()
  File "D:\scraping-groceries\stores\target\src\categories_scraper.py", line 26, in click_show_all_categories_button_if_present
    raise Exception('No button "Show ... more" found')
Exception: No button "Show ... more" found
2024/05/29 04:45:49 AM - task_one - INFO - Category: Coffee
2024/05/29 04:45:56 AM - task_one - INFO - Category: Fresh Flowers
2024/05/29 04:45:58 AM - task_one - WARNING - No subcategories found
2024/05/29 04:45:58 AM - task_one - INFO - Category: Wine, Beer & Liquor
2024/05/29 04:46:09 AM - task_one - INFO - Category: Snack Packs & On the Go Snacks
2024/05/29 04:46:11 AM - task_one - WARNING - No subcategories found
2024/05/29 04:46:11 AM - task_one - INFO - Category: Tabitha Brown for Target
2024/05/29 04:46:16 AM - task_one - WARNING - No subcategories found
2024/05/29 04:46:16 AM - task_one - INFO - Category: Good & Gather
2024/05/29 04:46:19 AM - task_one - WARNING - No subcategories found
2024/05/29 04:46:19 AM - task_one - INFO - Category: Favorite Day
2024/05/29 04:46:21 AM - task_one - WARNING - No subcategories found
2024/05/29 04:46:21 AM - task_one - INFO - Category: Market Pantry
2024/05/29 04:46:24 AM - task_one - WARNING - No subcategories found
2024/05/29 04:46:24 AM - task_one - INFO - Category: Starbucks
2024/05/29 04:46:26 AM - task_one - WARNING - No subcategories found
2024/05/29 04:46:26 AM - task_one - INFO - Category: Food Gifts
2024/05/29 04:46:28 AM - task_one - WARNING - No subcategories found
